// Jest Snapshot v1, https://goo.gl/fbAQLP

exports[`Pruebas en First App Debe hacer match con el snapshot 1`] = `
<div>
  <h2>
    Hello World
  </h2>
  <h2>
    173
  </h2>
  <h2>
    1
    2
    3
    4
    5
    6
    7
    8
    9
  </h2>
  <h2>
    1
    2
    3
    4
    5
    6
    7
    8
    9
  </h2>
  <h2>
    Kim
  </h2>
  <code>
    {"name":"Kim","email":"kim@gmail.com"}
  </code>
  <h2>
    6
  </h2>
  <p>
    Better Call Saul
  </p>
  <h1
    data-testid="test-title"
  >
    BCS
  </h1>
  <h2>
    BB
  </h2>
  <h2>
    1999
  </h2>
  <h2>
    99
  </h2>
</div>
`;
